// Jest Snapshot v1, https://goo.gl/fbAQLP

exports[`Button snapshot 1`] = `
<button
  class="button is-primary"
>
  
  Button

</button>
`;
