// Jest Snapshot v1, https://goo.gl/fbAQLP

exports[`CanvasAnimation snapshot 1`] = `
<canvas
  class="canvas"
  height="768"
  style="display: none; width: 1024px; height: 768px;"
  width="1024"
/>
`;
