// Jest Snapshot v1, https://goo.gl/fbAQLP

exports[`ClearAnimation snapshot 1`] = `
<div
  class="clear"
  style="display: none;"
>
  <div
    class="clear-title"
  >
    <span
      class="clear-char"
    >
      S
    </span>
     
    <span
      class="clear-char"
    >
      t
    </span>
     
    <span
      class="clear-char"
    >
      a
    </span>
     
    <span
      class="clear-char"
    >
      g
    </span>
     
    <span
      class="clear-char"
    >
      e
    </span>
     
    <span
      class="clear-char"
    >
      C
    </span>
     
    <span
      class="clear-char"
    >
      l
    </span>
     
    <span
      class="clear-char"
    >
      e
    </span>
     
    <span
      class="clear-char"
    >
      a
    </span>
     
    <span
      class="clear-char"
    >
      r
    </span>
     
    <span
      class="clear-char"
    >
      !
    </span>
  </div>
</div>
`;
