// Jest Snapshot v1, https://goo.gl/fbAQLP

exports[`MessageWindow snapshot 1`] = `
<div
  class="message-window"
>
  
  

</div>
`;
